
> live-leaderboard@0.1.0 build
> next build

   Γû▓ Next.js 14.1.0
   - Environments: .env

